echo "My name is Lucas"
My name is Lucas

lucas@LUCAS-SAMPAIO MINGW64 ~/Desktop
$ ls
 Discord.lnk*  'Discurso - Lucas Sampaio - Câmara revisado.docx'  'Guitar Pro 5.lnk'*   Slack.lnk*   Zoom.lnk*   aragon/   aragon-Lucas-Sampaio/   desktop.ini   µTorrent.lnk*

lucas@LUCAS-SAMPAIO MINGW64 ~/Desktop
$ touch arquivo-desconhecido.txt

lucas@LUCAS-SAMPAIO MINGW64 ~/Desktop
$ cd aragon-Lucas-Sampaio

lucas@LUCAS-SAMPAIO MINGW64 ~/Desktop/aragon-Lucas-Sampaio (master)
$ pwd
/c/Users/lucas/Desktop/aragon-Lucas-Sampaio

lucas@LUCAS-SAMPAIO MINGW64 ~/Desktop/aragon-Lucas-Sampaio (master)
$ ls
README.md

lucas@LUCAS-SAMPAIO MINGW64 ~/Desktop/aragon-Lucas-Sampaio (master)
$ ls-l
bash: ls-l: command not found

lucas@LUCAS-SAMPAIO MINGW64 ~/Desktop/aragon-Lucas-Sampaio (master)
$ cd ..

lucas@LUCAS-SAMPAIO MINGW64 ~/Desktop
$ pwd
/c/Users/lucas/Desktop

lucas@LUCAS-SAMPAIO MINGW64 ~/Desktop
$ cd aragon-Lucas-Sampaio

lucas@LUCAS-SAMPAIO MINGW64 ~/Desktop/aragon-Lucas-Sampaio (master)
$ mkdir "exercícios"

lucas@LUCAS-SAMPAIO MINGW64 ~/Desktop/aragon-Lucas-Sampaio (master)
$ ls
README.md  exercícios/

lucas@LUCAS-SAMPAIO MINGW64 ~/Desktop/aragon-Lucas-Sampaio (master)
$ cd exercicios
bash: cd: exercicios: No such file or directory

lucas@LUCAS-SAMPAIO MINGW64 ~/Desktop/aragon-Lucas-Sampaio (master)
$ cd..
bash: cd..: command not found

lucas@LUCAS-SAMPAIO MINGW64 ~/Desktop/aragon-Lucas-Sampaio (master)
$ cd ..

lucas@LUCAS-SAMPAIO MINGW64 ~/Desktop
$ ls
 Discord.lnk*                                      'Guitar Pro 5.lnk'*   Zoom.lnk*   aragon-Lucas-Sampaio/      desktop.ini
'Discurso - Lucas Sampaio - Câmara revisado.docx'   Slack.lnk*           aragon/     arquivo-desconhecido.txt   µTorrent.lnk*

lucas@LUCAS-SAMPAIO MINGW64 ~/Desktop
$ mv exercícios
mv: missing destination file operand after 'exercícios'
Try 'mv --help' for more information.

lucas@LUCAS-SAMPAIO MINGW64 ~/Desktop
$ cd ..

lucas@LUCAS-SAMPAIO MINGW64 ~
$ ls
'3D Objects'/              Desktop/                Modelos@                                                                                       Recent@
'Ambiente de Impressão'@   Documents/              Music/                                                                                        'Saved Games'/
'Ambiente de Rede'@        Downloads/              NTUSER.DAT                                                                                     Searches/
 AppData/                  Favorites/              NTUSER.DAT{1c2b59c6-c5f5-11eb-bacb-000d3a96488e}.TM.blf                                        SendTo@
'Configurações Locais'@    Links/                  NTUSER.DAT{1c2b59c6-c5f5-11eb-bacb-000d3a96488e}.TMContainer00000000000000000001.regtrans-ms   Videos/
 Contacts/                'Menu Iniciar'@          NTUSER.DAT{1c2b59c6-c5f5-11eb-bacb-000d3a96488e}.TMContainer00000000000000000002.regtrans-ms   ntuser.dat.LOG1
 Cookies@                 'Meus Documentos'@       OneDrive/                                                                                      ntuser.dat.LOG2
'Dados de Aplicativos'@    MicrosoftEdgeBackups/   Pictures/                                                                                      ntuser.ini

lucas@LUCAS-SAMPAIO MINGW64 ~
$ cp arquivo-qualquer exercícios
cp: cannot stat 'arquivo-qualquer': No such file or directory

lucas@LUCAS-SAMPAIO MINGW64 ~
$ cp arquivo-qualquer.txt exercicios
cp: cannot stat 'arquivo-qualquer.txt': No such file or directory

lucas@LUCAS-SAMPAIO MINGW64 ~
$ ls
'3D Objects'/              Desktop/                Modelos@                                                                                       Recent@
'Ambiente de Impressão'@   Documents/              Music/                                                                                        'Saved Games'/
'Ambiente de Rede'@        Downloads/              NTUSER.DAT                                                                                     Searches/
 AppData/                  Favorites/              NTUSER.DAT{1c2b59c6-c5f5-11eb-bacb-000d3a96488e}.TM.blf                                        SendTo@
'Configurações Locais'@    Links/                  NTUSER.DAT{1c2b59c6-c5f5-11eb-bacb-000d3a96488e}.TMContainer00000000000000000001.regtrans-ms   Videos/
 Contacts/                'Menu Iniciar'@          NTUSER.DAT{1c2b59c6-c5f5-11eb-bacb-000d3a96488e}.TMContainer00000000000000000002.regtrans-ms   ntuser.dat.LOG1
 Cookies@                 'Meus Documentos'@       OneDrive/                                                                                      ntuser.dat.LOG2
'Dados de Aplicativos'@    MicrosoftEdgeBackups/   Pictures/                                                                                      ntuser.ini

lucas@LUCAS-SAMPAIO MINGW64 ~
$ cd exercicios
bash: cd: exercicios: No such file or directory

